Archive member included to satisfy reference by file (symbol)

/Applications/Eclipse.app/Contents/Eclipse/plugins/fr.ac6.mcu.externaltools.arm-none.macos64_1.13.1.201703061524/tools/compiler/bin/../lib/gcc/arm-none-eabi/5.4.1/../../../../arm-none-eabi/lib/armv7-m/libc_nano.a(lib_a-exit.o)
                              /Applications/Eclipse.app/Contents/Eclipse/plugins/fr.ac6.mcu.externaltools.arm-none.macos64_1.13.1.201703061524/tools/compiler/bin/../lib/gcc/arm-none-eabi/5.4.1/../../../../arm-none-eabi/lib/armv7-m/crt0.o (exit)
/Applications/Eclipse.app/Contents/Eclipse/plugins/fr.ac6.mcu.externaltools.arm-none.macos64_1.13.1.201703061524/tools/compiler/bin/../lib/gcc/arm-none-eabi/5.4.1/../../../../arm-none-eabi/lib/armv7-m/libc_nano.a(lib_a-impure.o)
                              /Applications/Eclipse.app/Contents/Eclipse/plugins/fr.ac6.mcu.externaltools.arm-none.macos64_1.13.1.201703061524/tools/compiler/bin/../lib/gcc/arm-none-eabi/5.4.1/../../../../arm-none-eabi/lib/armv7-m/libc_nano.a(lib_a-exit.o) (_global_impure_ptr)
/Applications/Eclipse.app/Contents/Eclipse/plugins/fr.ac6.mcu.externaltools.arm-none.macos64_1.13.1.201703061524/tools/compiler/bin/../lib/gcc/arm-none-eabi/5.4.1/../../../../arm-none-eabi/lib/armv7-m/libc_nano.a(lib_a-init.o)
                              /Applications/Eclipse.app/Contents/Eclipse/plugins/fr.ac6.mcu.externaltools.arm-none.macos64_1.13.1.201703061524/tools/compiler/bin/../lib/gcc/arm-none-eabi/5.4.1/../../../../arm-none-eabi/lib/armv7-m/crt0.o (__libc_init_array)
/Applications/Eclipse.app/Contents/Eclipse/plugins/fr.ac6.mcu.externaltools.arm-none.macos64_1.13.1.201703061524/tools/compiler/bin/../lib/gcc/arm-none-eabi/5.4.1/../../../../arm-none-eabi/lib/armv7-m/libc_nano.a(lib_a-malloc.o)
                              Application/User/terminal.o (malloc)
/Applications/Eclipse.app/Contents/Eclipse/plugins/fr.ac6.mcu.externaltools.arm-none.macos64_1.13.1.201703061524/tools/compiler/bin/../lib/gcc/arm-none-eabi/5.4.1/../../../../arm-none-eabi/lib/armv7-m/libc_nano.a(lib_a-memset.o)
                              /Applications/Eclipse.app/Contents/Eclipse/plugins/fr.ac6.mcu.externaltools.arm-none.macos64_1.13.1.201703061524/tools/compiler/bin/../lib/gcc/arm-none-eabi/5.4.1/../../../../arm-none-eabi/lib/armv7-m/crt0.o (memset)
/Applications/Eclipse.app/Contents/Eclipse/plugins/fr.ac6.mcu.externaltools.arm-none.macos64_1.13.1.201703061524/tools/compiler/bin/../lib/gcc/arm-none-eabi/5.4.1/../../../../arm-none-eabi/lib/armv7-m/libc_nano.a(lib_a-nano-freer.o)
                              /Applications/Eclipse.app/Contents/Eclipse/plugins/fr.ac6.mcu.externaltools.arm-none.macos64_1.13.1.201703061524/tools/compiler/bin/../lib/gcc/arm-none-eabi/5.4.1/../../../../arm-none-eabi/lib/armv7-m/libc_nano.a(lib_a-malloc.o) (_free_r)
/Applications/Eclipse.app/Contents/Eclipse/plugins/fr.ac6.mcu.externaltools.arm-none.macos64_1.13.1.201703061524/tools/compiler/bin/../lib/gcc/arm-none-eabi/5.4.1/../../../../arm-none-eabi/lib/armv7-m/libc_nano.a(lib_a-nano-mallocr.o)
                              /Applications/Eclipse.app/Contents/Eclipse/plugins/fr.ac6.mcu.externaltools.arm-none.macos64_1.13.1.201703061524/tools/compiler/bin/../lib/gcc/arm-none-eabi/5.4.1/../../../../arm-none-eabi/lib/armv7-m/libc_nano.a(lib_a-malloc.o) (_malloc_r)
/Applications/Eclipse.app/Contents/Eclipse/plugins/fr.ac6.mcu.externaltools.arm-none.macos64_1.13.1.201703061524/tools/compiler/bin/../lib/gcc/arm-none-eabi/5.4.1/../../../../arm-none-eabi/lib/armv7-m/libc_nano.a(lib_a-sbrkr.o)
                              /Applications/Eclipse.app/Contents/Eclipse/plugins/fr.ac6.mcu.externaltools.arm-none.macos64_1.13.1.201703061524/tools/compiler/bin/../lib/gcc/arm-none-eabi/5.4.1/../../../../arm-none-eabi/lib/armv7-m/libc_nano.a(lib_a-nano-mallocr.o) (_sbrk_r)
/Applications/Eclipse.app/Contents/Eclipse/plugins/fr.ac6.mcu.externaltools.arm-none.macos64_1.13.1.201703061524/tools/compiler/bin/../lib/gcc/arm-none-eabi/5.4.1/../../../../arm-none-eabi/lib/armv7-m/libc_nano.a(lib_a-strcpy.o)
                              Application/User/terminal.o (strcpy)
/Applications/Eclipse.app/Contents/Eclipse/plugins/fr.ac6.mcu.externaltools.arm-none.macos64_1.13.1.201703061524/tools/compiler/bin/../lib/gcc/arm-none-eabi/5.4.1/../../../../arm-none-eabi/lib/armv7-m/libc_nano.a(lib_a-strlen.o)
                              Application/User/terminal.o (strlen)
/Applications/Eclipse.app/Contents/Eclipse/plugins/fr.ac6.mcu.externaltools.arm-none.macos64_1.13.1.201703061524/tools/compiler/bin/../lib/gcc/arm-none-eabi/5.4.1/../../../../arm-none-eabi/lib/armv7-m/libc_nano.a(lib_a-mlock.o)
                              /Applications/Eclipse.app/Contents/Eclipse/plugins/fr.ac6.mcu.externaltools.arm-none.macos64_1.13.1.201703061524/tools/compiler/bin/../lib/gcc/arm-none-eabi/5.4.1/../../../../arm-none-eabi/lib/armv7-m/libc_nano.a(lib_a-nano-freer.o) (__malloc_lock)
[...]
Memory Configuration

Name             Origin             Length             Attributes
RAM              0x0000000020000000 0x0000000000005000 xrw
FLASH            0x0000000008000000 0x0000000000010000 xr
*default*        0x0000000000000000 0xffffffffffffffff

Linker script and memory map

LOAD /Applications/Eclipse.app/Contents/Eclipse/plugins/fr.ac6.mcu.externaltools.arm-none.macos64_1.13.1.201703061524/tools/compiler/bin/../lib/gcc/arm-none-eabi/5.4.1/armv7-m/crti.o
LOAD /Applications/Eclipse.app/Contents/Eclipse/plugins/fr.ac6.mcu.externaltools.arm-none.macos64_1.13.1.201703061524/tools/compiler/bin/../lib/gcc/arm-none-eabi/5.4.1/armv7-m/crtbegin.o
LOAD /Applications/Eclipse.app/Contents/Eclipse/plugins/fr.ac6.mcu.externaltools.arm-none.macos64_1.13.1.201703061524/tools/compiler/bin/../lib/gcc/arm-none-eabi/5.4.1/../../../../arm-none-eabi/lib/armv7-m/crt0.o
LOAD /Applications/Eclipse.app/Contents/Eclipse/plugins/fr.ac6.mcu.externaltools.arm-none.macos64_1.13.1.201703061524/tools/compiler/bin/../lib/gcc/arm-none-eabi/5.4.1/../../../../arm-none-eabi/lib/armv7-m/libm.a
LOAD Application/SW4STM32/startup_stm32f103xb.o
LOAD Application/User/configuration.o
LOAD Application/User/data_handling.o
LOAD Application/User/main.o
LOAD Application/User/power_moding.o
LOAD Application/User/stm32f1xx_hal_msp.o
LOAD Application/User/stm32f1xx_it.o
LOAD Application/User/terminal.o
LOAD Drivers/CMSIS/system_stm32f1xx.o
LOAD Drivers/STM32F1xx_HAL_Driver/stm32f1xx_hal.o
LOAD Drivers/STM32F1xx_HAL_Driver/stm32f1xx_hal_adc.o
LOAD Drivers/STM32F1xx_HAL_Driver/stm32f1xx_hal_adc_ex.o
LOAD Drivers/STM32F1xx_HAL_Driver/stm32f1xx_hal_cortex.o
LOAD Drivers/STM32F1xx_HAL_Driver/stm32f1xx_hal_dma.o
LOAD Drivers/STM32F1xx_HAL_Driver/stm32f1xx_hal_flash.o
LOAD Drivers/STM32F1xx_HAL_Driver/stm32f1xx_hal_flash_ex.o
LOAD Drivers/STM32F1xx_HAL_Driver/stm32f1xx_hal_gpio.o
LOAD Drivers/STM32F1xx_HAL_Driver/stm32f1xx_hal_gpio_ex.o
LOAD Drivers/STM32F1xx_HAL_Driver/stm32f1xx_hal_pwr.o
LOAD Drivers/STM32F1xx_HAL_Driver/stm32f1xx_hal_rcc.o
LOAD Drivers/STM32F1xx_HAL_Driver/stm32f1xx_hal_rcc_ex.o
LOAD Drivers/STM32F1xx_HAL_Driver/stm32f1xx_hal_tim.o
LOAD Drivers/STM32F1xx_HAL_Driver/stm32f1xx_hal_tim_ex.o
LOAD Drivers/STM32F1xx_HAL_Driver/stm32f1xx_hal_uart.o
START GROUP
LOAD /Applications/Eclipse.app/Contents/Eclipse/plugins/fr.ac6.mcu.externaltools.arm-none.macos64_1.13.1.201703061524/tools/compiler/bin/../lib/gcc/arm-none-eabi/5.4.1/armv7-m/libgcc.a
LOAD /Applications/Eclipse.app/Contents/Eclipse/plugins/fr.ac6.mcu.externaltools.arm-none.macos64_1.13.1.201703061524/tools/compiler/bin/../lib/gcc/arm-none-eabi/5.4.1/../../../../arm-none-eabi/lib/armv7-m/libc_nano.a
END GROUP
START GROUP
LOAD /Applications/Eclipse.app/Contents/Eclipse/plugins/fr.ac6.mcu.externaltools.arm-none.macos64_1.13.1.201703061524/tools/compiler/bin/../lib/gcc/arm-none-eabi/5.4.1/armv7-m/libgcc.a
LOAD /Applications/Eclipse.app/Contents/Eclipse/plugins/fr.ac6.mcu.externaltools.arm-none.macos64_1.13.1.201703061524/tools/compiler/bin/../lib/gcc/arm-none-eabi/5.4.1/../../../../arm-none-eabi/lib/armv7-m/libc_nano.a
LOAD /Applications/Eclipse.app/Contents/Eclipse/plugins/fr.ac6.mcu.externaltools.arm-none.macos64_1.13.1.201703061524/tools/compiler/bin/../lib/gcc/arm-none-eabi/5.4.1/../../../../arm-none-eabi/lib/armv7-m/libnosys.a
END GROUP
START GROUP
LOAD /Applications/Eclipse.app/Contents/Eclipse/plugins/fr.ac6.mcu.externaltools.arm-none.macos64_1.13.1.201703061524/tools/compiler/bin/../lib/gcc/arm-none-eabi/5.4.1/armv7-m/libgcc.a
LOAD /Applications/Eclipse.app/Contents/Eclipse/plugins/fr.ac6.mcu.externaltools.arm-none.macos64_1.13.1.201703061524/tools/compiler/bin/../lib/gcc/arm-none-eabi/5.4.1/../../../../arm-none-eabi/lib/armv7-m/libc_nano.a
LOAD /Applications/Eclipse.app/Contents/Eclipse/plugins/fr.ac6.mcu.externaltools.arm-none.macos64_1.13.1.201703061524/tools/compiler/bin/../lib/gcc/arm-none-eabi/5.4.1/../../../../arm-none-eabi/lib/armv7-m/libnosys.a
END GROUP
LOAD /Applications/Eclipse.app/Contents/Eclipse/plugins/fr.ac6.mcu.externaltools.arm-none.macos64_1.13.1.201703061524/tools/compiler/bin/../lib/gcc/arm-none-eabi/5.4.1/armv7-m/crtend.o
LOAD /Applications/Eclipse.app/Contents/Eclipse/plugins/fr.ac6.mcu.externaltools.arm-none.macos64_1.13.1.201703061524/tools/compiler/bin/../lib/gcc/arm-none-eabi/5.4.1/armv7-m/crtn.o
                0x0000000020005000                _estack = 0x20005000
                0x0000000000000200                _Min_Heap_Size = 0x200
                0x0000000000000400                _Min_Stack_Size = 0x400

.isr_vector     0x0000000008000000      0x10c
                0x0000000008000000                . = ALIGN (0x4)
 *(.isr_vector)
 .isr_vector    0x0000000008000000      0x10c Application/SW4STM32/startup_stm32f103xb.o
                0x0000000008000000                g_pfnVectors
                0x000000000800010c                . = ALIGN (0x4)

.text           0x000000000800010c     0x13a4
                0x000000000800010c                . = ALIGN (0x4)
 *(.text)
 .text          0x000000000800010c       0x5c /Applications/Eclipse.app/Contents/Eclipse/plugins/fr.ac6.mcu.externaltools.arm-none.macos64_1.13.1.201703061524/tools/compiler/bin/../lib/gcc/arm-none-eabi/5.4.1/armv7-m/crtbegin.o
 *(.text*)
 .text.Reset_Handler
                0x0000000008000168       0x48 Application/SW4STM32/startup_stm32f103xb.o
                0x0000000008000168                Reset_Handler
 .text.Default_Handler
                0x00000000080001b0        0x2 Application/SW4STM32/startup_stm32f103xb.o
                0x00000000080001b0                USBWakeUp_IRQHandler
                0x00000000080001b0                EXTI2_IRQHandler
                0x00000000080001b0                TIM1_CC_IRQHandler
                0x00000000080001b0                PVD_IRQHandler
                0x00000000080001b0                EXTI3_IRQHandler
                0x00000000080001b0                EXTI0_IRQHandler
                0x00000000080001b0                I2C2_EV_IRQHandler
                0x00000000080001b0                ADC1_2_IRQHandler
                0x00000000080001b0                SPI1_IRQHandler
                0x00000000080001b0                TAMPER_IRQHandler
                0x00000000080001b0                DMA1_Channel4_IRQHandler
                0x00000000080001b0                USART3_IRQHandler
                0x00000000080001b0                RTC_IRQHandler
                0x00000000080001b0                DMA1_Channel7_IRQHandler
                0x00000000080001b0                CAN1_RX1_IRQHandler
                0x00000000080001b0                TIM4_IRQHandler
                0x00000000080001b0                I2C1_EV_IRQHandler
                0x00000000080001b0                DMA1_Channel6_IRQHandler
                0x00000000080001b0                TIM3_IRQHandler
                0x00000000080001b0                RCC_IRQHandler
                0x00000000080001b0                TIM1_TRG_COM_IRQHandler
                0x00000000080001b0                DMA1_Channel1_IRQHandler
                0x00000000080001b0                Default_Handler
                0x00000000080001b0                EXTI15_10_IRQHandler
                0x00000000080001b0                EXTI9_5_IRQHandler
                0x00000000080001b0                SPI2_IRQHandler
                0x00000000080001b0                DMA1_Channel5_IRQHandler
                0x00000000080001b0                EXTI4_IRQHandler
                0x00000000080001b0                USB_LP_CAN1_RX0_IRQHandler
                0x00000000080001b0                USB_HP_CAN1_TX_IRQHandler
                0x00000000080001b0                DMA1_Channel3_IRQHandler
                0x00000000080001b0                TIM1_UP_IRQHandler
                0x00000000080001b0                WWDG_IRQHandler
                0x00000000080001b0                TIM2_IRQHandler
                0x00000000080001b0                TIM1_BRK_IRQHandler
                0x00000000080001b0                EXTI1_IRQHandler
                0x00000000080001b0                USART2_IRQHandler
                0x00000000080001b0                I2C2_ER_IRQHandler
                0x00000000080001b0                DMA1_Channel2_IRQHandler
                0x00000000080001b0                CAN1_SCE_IRQHandler
                0x00000000080001b0                FLASH_IRQHandler
                0x00000000080001b0                USART1_IRQHandler
                0x00000000080001b0                I2C1_ER_IRQHandler
                0x00000000080001b0                RTC_Alarm_IRQHandler
 *fill*         0x00000000080001b2        0x2 
 .text.SystemClock_Config
                0x00000000080001b4       0x64 Application/User/configuration.o
                0x00000000080001b4                SystemClock_Config
 .text.MX_ADC1_Init
                0x0000000008000218       0x40 Application/User/configuration.o
                0x0000000008000218                MX_ADC1_Init
 .text.MX_USART1_UART_Init
                0x0000000008000258       0x2c Application/User/configuration.o
                0x0000000008000258                MX_USART1_UART_Init
 .text.MX_GPIO_Init
                0x0000000008000284       0x90 Application/User/configuration.o
                0x0000000008000284                MX_GPIO_Init
 .text.main     0x0000000008000314       0x28 Application/User/main.o
                0x0000000008000314                main
 .text.HAL_MspInit
                0x000000000800033c       0x94 Application/User/stm32f1xx_hal_msp.o
                0x000000000800033c                HAL_MspInit
 .text.HAL_ADC_MspInit
                0x00000000080003d0       0x44 Application/User/stm32f1xx_hal_msp.o
                0x00000000080003d0                HAL_ADC_MspInit
 .text.HAL_UART_MspInit
                0x0000000008000414       0x5c Application/User/stm32f1xx_hal_msp.o
                0x0000000008000414                HAL_UART_MspInit
 .text.NMI_Handler
                0x0000000008000470        0x4 Application/User/stm32f1xx_it.o
                0x0000000008000470                NMI_Handler
 .text.HardFault_Handler
                0x0000000008000474        0x4 Application/User/stm32f1xx_it.o
                0x0000000008000474                HardFault_Handler
 .text.MemManage_Handler
                0x0000000008000478        0x4 Application/User/stm32f1xx_it.o
                0x0000000008000478                MemManage_Handler
 .text.BusFault_Handler
                0x000000000800047c        0x4 Application/User/stm32f1xx_it.o
                0x000000000800047c                BusFault_Handler
 .text.UsageFault_Handler
                0x0000000008000480        0x4 Application/User/stm32f1xx_it.o
                0x0000000008000480                UsageFault_Handler
 .text.SVC_Handler
                0x0000000008000484        0x4 Application/User/stm32f1xx_it.o
                0x0000000008000484                SVC_Handler
 .text.DebugMon_Handler
                0x0000000008000488        0x4 Application/User/stm32f1xx_it.o
                0x0000000008000488                DebugMon_Handler
 .text.PendSV_Handler
                0x000000000800048c        0x4 Application/User/stm32f1xx_it.o
                0x000000000800048c                PendSV_Handler
 .text.SysTick_Handler
                0x0000000008000490        0xc Application/User/stm32f1xx_it.o
                0x0000000008000490                SysTick_Handler
 .text.SystemInit
                0x000000000800049c       0x4c Drivers/CMSIS/system_stm32f1xx.o
                0x000000000800049c                SystemInit
 .text.HAL_InitTick
                0x00000000080004e8       0x2c Drivers/STM32F1xx_HAL_Driver/stm32f1xx_hal.o
                0x00000000080004e8                HAL_InitTick
 .text.HAL_Init
                0x0000000008000514       0x24 Drivers/STM32F1xx_HAL_Driver/stm32f1xx_hal.o
                0x0000000008000514                HAL_Init
 .text.HAL_IncTick
                0x0000000008000538       0x10 Drivers/STM32F1xx_HAL_Driver/stm32f1xx_hal.o
                0x0000000008000538                HAL_IncTick
 .text.HAL_GetTick
                0x0000000008000548        0xc Drivers/STM32F1xx_HAL_Driver/stm32f1xx_hal.o
                0x0000000008000548                HAL_GetTick
 .text.HAL_ADC_ConfigChannel
                0x0000000008000554      0x138 Drivers/STM32F1xx_HAL_Driver/stm32f1xx_hal_adc.o
                0x0000000008000554                HAL_ADC_ConfigChannel
 .text.ADC_ConversionStop_Disable
                0x000000000800068c       0x50 Drivers/STM32F1xx_HAL_Driver/stm32f1xx_hal_adc.o
                0x000000000800068c                ADC_ConversionStop_Disable
 .text.HAL_ADC_Init
                0x00000000080006dc      0x10c Drivers/STM32F1xx_HAL_Driver/stm32f1xx_hal_adc.o
                0x00000000080006dc                HAL_ADC_Init
 .text.HAL_NVIC_SetPriorityGrouping
                0x00000000080007e8       0x24 Drivers/STM32F1xx_HAL_Driver/stm32f1xx_hal_cortex.o
                0x00000000080007e8                HAL_NVIC_SetPriorityGrouping
 .text.HAL_NVIC_SetPriority
                0x000000000800080c       0x64 Drivers/STM32F1xx_HAL_Driver/stm32f1xx_hal_cortex.o
                0x000000000800080c                HAL_NVIC_SetPriority
 .text.HAL_SYSTICK_Config
                0x0000000008000870       0x2c Drivers/STM32F1xx_HAL_Driver/stm32f1xx_hal_cortex.o
                0x0000000008000870                HAL_SYSTICK_Config
 .text.HAL_SYSTICK_CLKSourceConfig
                0x000000000800089c       0x20 Drivers/STM32F1xx_HAL_Driver/stm32f1xx_hal_cortex.o
                0x000000000800089c                HAL_SYSTICK_CLKSourceConfig
 .text.HAL_SYSTICK_Callback
                0x00000000080008bc        0x4 Drivers/STM32F1xx_HAL_Driver/stm32f1xx_hal_cortex.o
                0x00000000080008bc                HAL_SYSTICK_Callback
 .text.HAL_SYSTICK_IRQHandler
                0x00000000080008c0        0x8 Drivers/STM32F1xx_HAL_Driver/stm32f1xx_hal_cortex.o
                0x00000000080008c0                HAL_SYSTICK_IRQHandler
 .text.HAL_GPIO_Init
                0x00000000080008c8      0x1d8 Drivers/STM32F1xx_HAL_Driver/stm32f1xx_hal_gpio.o
                0x00000000080008c8                HAL_GPIO_Init
 .text.HAL_GPIO_WritePin
                0x0000000008000aa0        0xc Drivers/STM32F1xx_HAL_Driver/stm32f1xx_hal_gpio.o
                0x0000000008000aa0                HAL_GPIO_WritePin
 .text.RCC_Delay
                0x0000000008000aac       0x2c Drivers/STM32F1xx_HAL_Driver/stm32f1xx_hal_rcc.o
 .text.HAL_RCC_OscConfig
                0x0000000008000ad8      0x400 Drivers/STM32F1xx_HAL_Driver/stm32f1xx_hal_rcc.o
                0x0000000008000ad8                HAL_RCC_OscConfig
 .text.HAL_RCC_GetSysClockFreq
                0x0000000008000ed8       0x70 Drivers/STM32F1xx_HAL_Driver/stm32f1xx_hal_rcc.o
                0x0000000008000ed8                HAL_RCC_GetSysClockFreq
 .text.HAL_RCC_ClockConfig
                0x0000000008000f48      0x184 Drivers/STM32F1xx_HAL_Driver/stm32f1xx_hal_rcc.o
                0x0000000008000f48                HAL_RCC_ClockConfig
 .text.HAL_RCC_GetHCLKFreq
                0x00000000080010cc        0xc Drivers/STM32F1xx_HAL_Driver/stm32f1xx_hal_rcc.o
                0x00000000080010cc                HAL_RCC_GetHCLKFreq
 .text.HAL_RCC_GetPCLK1Freq
                0x00000000080010d8       0x20 Drivers/STM32F1xx_HAL_Driver/stm32f1xx_hal_rcc.o
                0x00000000080010d8                HAL_RCC_GetPCLK1Freq
 .text.HAL_RCC_GetPCLK2Freq
                0x00000000080010f8       0x20 Drivers/STM32F1xx_HAL_Driver/stm32f1xx_hal_rcc.o
                0x00000000080010f8                HAL_RCC_GetPCLK2Freq
 .text.HAL_RCCEx_PeriphCLKConfig
                0x0000000008001118      0x114 Drivers/STM32F1xx_HAL_Driver/stm32f1xx_hal_rcc_ex.o
                0x0000000008001118                HAL_RCCEx_PeriphCLKConfig
 .text.UART_SetConfig
                0x000000000800122c      0x1bc Drivers/STM32F1xx_HAL_Driver/stm32f1xx_hal_uart.o
 .text.HAL_UART_Init
                0x00000000080013e8       0x64 Drivers/STM32F1xx_HAL_Driver/stm32f1xx_hal_uart.o
                0x00000000080013e8                HAL_UART_Init
 .text.__libc_init_array
                0x000000000800144c       0x4c /Applications/Eclipse.app/Contents/Eclipse/plugins/fr.ac6.mcu.externaltools.arm-none.macos64_1.13.1.201703061524/tools/compiler/bin/../lib/gcc/arm-none-eabi/5.4.1/../../../../arm-none-eabi/lib/armv7-m/libc_nano.a(lib_a-init.o)
                0x000000000800144c                __libc_init_array
 *(.glue_7)
 .glue_7        0x0000000008001498        0x0 linker stubs
 *(.glue_7t)
 .glue_7t       0x0000000008001498        0x0 linker stubs
 *(.eh_frame)
 .eh_frame      0x0000000008001498        0x0 /Applications/Eclipse.app/Contents/Eclipse/plugins/fr.ac6.mcu.externaltools.arm-none.macos64_1.13.1.201703061524/tools/compiler/bin/../lib/gcc/arm-none-eabi/5.4.1/armv7-m/crtbegin.o
 *(.init)
 .init          0x0000000008001498        0x4 /Applications/Eclipse.app/Contents/Eclipse/plugins/fr.ac6.mcu.externaltools.arm-none.macos64_1.13.1.201703061524/tools/compiler/bin/../lib/gcc/arm-none-eabi/5.4.1/armv7-m/crti.o
                0x0000000008001498                _init
 .init          0x000000000800149c        0x8 /Applications/Eclipse.app/Contents/Eclipse/plugins/fr.ac6.mcu.externaltools.arm-none.macos64_1.13.1.201703061524/tools/compiler/bin/../lib/gcc/arm-none-eabi/5.4.1/armv7-m/crtn.o
 *(.fini)
 .fini          0x00000000080014a4        0x4 /Applications/Eclipse.app/Contents/Eclipse/plugins/fr.ac6.mcu.externaltools.arm-none.macos64_1.13.1.201703061524/tools/compiler/bin/../lib/gcc/arm-none-eabi/5.4.1/armv7-m/crti.o
                0x00000000080014a4                _fini
 .fini          0x00000000080014a8        0x8 /Applications/Eclipse.app/Contents/Eclipse/plugins/fr.ac6.mcu.externaltools.arm-none.macos64_1.13.1.201703061524/tools/compiler/bin/../lib/gcc/arm-none-eabi/5.4.1/armv7-m/crtn.o
                0x00000000080014b0                . = ALIGN (0x4)
                0x00000000080014b0                _etext = .

.vfp11_veneer   0x00000000080014b0        0x0
 .vfp11_veneer  0x00000000080014b0        0x0 linker stubs

.v4_bx          0x00000000080014b0        0x0
 .v4_bx         0x00000000080014b0        0x0 linker stubs

.iplt           0x00000000080014b0        0x0
 .iplt          0x00000000080014b0        0x0 /Applications/Eclipse.app/Contents/Eclipse/plugins/fr.ac6.mcu.externaltools.arm-none.macos64_1.13.1.201703061524/tools/compiler/bin/../lib/gcc/arm-none-eabi/5.4.1/armv7-m/crtbegin.o

.rodata         0x00000000080014b0       0x2c
                0x00000000080014b0                . = ALIGN (0x4)
 *(.rodata)
 .rodata        0x00000000080014b0       0x18 Drivers/CMSIS/system_stm32f1xx.o
                0x00000000080014b0                AHBPrescTable
                0x00000000080014c0                APBPrescTable
 .rodata        0x00000000080014c8       0x12 Drivers/STM32F1xx_HAL_Driver/stm32f1xx_hal_rcc.o
 *(.rodata*)
                0x00000000080014dc                . = ALIGN (0x4)
 *fill*         0x00000000080014da        0x2 

.rel.dyn        0x00000000080014dc        0x0
 .rel.iplt      0x00000000080014dc        0x0 /Applications/Eclipse.app/Contents/Eclipse/plugins/fr.ac6.mcu.externaltools.arm-none.macos64_1.13.1.201703061524/tools/compiler/bin/../lib/gcc/arm-none-eabi/5.4.1/armv7-m/crtbegin.o

.ARM.extab
 *(.ARM.extab* .gnu.linkonce.armextab.*)

.ARM            0x00000000080014dc        0x0
                0x00000000080014dc                __exidx_start = .
 *(.ARM.exidx*)
                0x00000000080014dc                __exidx_end = .

.preinit_array  0x00000000080014dc        0x0
                0x00000000080014dc                PROVIDE (__preinit_array_start, .)
 *(.preinit_array*)
                0x00000000080014dc                PROVIDE (__preinit_array_end, .)

.init_array     0x00000000080014dc        0x4
                0x00000000080014dc                PROVIDE (__init_array_start, .)
 *(SORT(.init_array.*))
 *(.init_array*)
 .init_array    0x00000000080014dc        0x4 /Applications/Eclipse.app/Contents/Eclipse/plugins/fr.ac6.mcu.externaltools.arm-none.macos64_1.13.1.201703061524/tools/compiler/bin/../lib/gcc/arm-none-eabi/5.4.1/armv7-m/crtbegin.o
                0x00000000080014e0                PROVIDE (__init_array_end, .)

.fini_array     0x00000000080014e0        0x4
                [!provide]                        PROVIDE (__fini_array_start, .)
 *(SORT(.fini_array.*))
 *(.fini_array*)
 .fini_array    0x00000000080014e0        0x4 /Applications/Eclipse.app/Contents/Eclipse/plugins/fr.ac6.mcu.externaltools.arm-none.macos64_1.13.1.201703061524/tools/compiler/bin/../lib/gcc/arm-none-eabi/5.4.1/armv7-m/crtbegin.o
                [!provide]                        PROVIDE (__fini_array_end, .)
                0x00000000080014e4                _sidata = LOADADDR (.data)

.data           0x0000000020000000        0x4 load address 0x00000000080014e4
                0x0000000020000000                . = ALIGN (0x4)
                0x0000000020000000                _sdata = .
 *(.data)
 .data          0x0000000020000000        0x4 Drivers/CMSIS/system_stm32f1xx.o
                0x0000000020000000                SystemCoreClock
 *(.data*)
                0x0000000020000004                . = ALIGN (0x4)
                0x0000000020000004                _edata = .

.jcr            0x0000000020000004        0x0 load address 0x00000000080014e8
 .jcr           0x0000000020000004        0x0 /Applications/Eclipse.app/Contents/Eclipse/plugins/fr.ac6.mcu.externaltools.arm-none.macos64_1.13.1.201703061524/tools/compiler/bin/../lib/gcc/arm-none-eabi/5.4.1/armv7-m/crtbegin.o

.igot.plt       0x0000000020000004        0x0 load address 0x00000000080014e8
 .igot.plt      0x0000000020000004        0x0 /Applications/Eclipse.app/Contents/Eclipse/plugins/fr.ac6.mcu.externaltools.arm-none.macos64_1.13.1.201703061524/tools/compiler/bin/../lib/gcc/arm-none-eabi/5.4.1/armv7-m/crtbegin.o
                0x0000000020000004                . = ALIGN (0x4)

.bss            0x0000000020000004       0x90 load address 0x00000000080014e8
                0x0000000020000004                _sbss = .
                0x0000000020000004                __bss_start__ = _sbss
 *(.bss)
 .bss           0x0000000020000004       0x1c /Applications/Eclipse.app/Contents/Eclipse/plugins/fr.ac6.mcu.externaltools.arm-none.macos64_1.13.1.201703061524/tools/compiler/bin/../lib/gcc/arm-none-eabi/5.4.1/armv7-m/crtbegin.o
 *(.bss*)
 *(COMMON)
 COMMON         0x0000000020000020       0x70 Application/User/configuration.o
                0x0000000020000020                hadc1
                0x0000000020000050                huart1
 COMMON         0x0000000020000090        0x4 Drivers/STM32F1xx_HAL_Driver/stm32f1xx_hal.o
                0x0000000020000090                uwTick
                0x0000000020000094                . = ALIGN (0x4)
                0x0000000020000094                _ebss = .
                0x0000000020000094                __bss_end__ = _ebss

._user_heap_stack
                0x0000000020000094      0x604 load address 0x00000000080014e8
                0x0000000020000098                . = ALIGN (0x8)
 *fill*         0x0000000020000094        0x4 
                0x0000000020000098                PROVIDE (end, .)
                [!provide]                        PROVIDE (_end, .)
                0x0000000020000298                . = (. + _Min_Heap_Size)
 *fill*         0x0000000020000098      0x200 
                0x0000000020000698                . = (. + _Min_Stack_Size)
 *fill*         0x0000000020000298      0x400 
                0x0000000020000698                . = ALIGN (0x8)

/DISCARD/
 libc.a(*)
 libm.a(*)
 libgcc.a(*)

.ARM.attributes
                0x0000000000000000       0x29
 *(.ARM.attributes)
 .ARM.attributes
                0x0000000000000000       0x1d /Applications/Eclipse.app/Contents/Eclipse/plugins/fr.ac6.mcu.externaltools.arm-none.macos64_1.13.1.201703061524/tools/compiler/bin/../lib/gcc/arm-none-eabi/5.4.1/armv7-m/crti.o
 .ARM.attributes
                0x000000000000001d       0x2d /Applications/Eclipse.app/Contents/Eclipse/plugins/fr.ac6.mcu.externaltools.arm-none.macos64_1.13.1.201703061524/tools/compiler/bin/../lib/gcc/arm-none-eabi/5.4.1/armv7-m/crtbegin.o
 .ARM.attributes
                0x000000000000004a       0x21 Application/SW4STM32/startup_stm32f103xb.o
 .ARM.attributes
                0x000000000000006b       0x33 Application/User/configuration.o
 .ARM.attributes
                0x000000000000009e       0x33 Application/User/main.o
 .ARM.attributes
                0x00000000000000d1       0x33 Application/User/stm32f1xx_hal_msp.o
 .ARM.attributes
                0x0000000000000104       0x33 Application/User/stm32f1xx_it.o
 .ARM.attributes
                0x0000000000000137       0x33 Drivers/CMSIS/system_stm32f1xx.o
 .ARM.attributes
                0x000000000000016a       0x33 Drivers/STM32F1xx_HAL_Driver/stm32f1xx_hal.o
 .ARM.attributes
                0x000000000000019d       0x33 Drivers/STM32F1xx_HAL_Driver/stm32f1xx_hal_adc.o
 .ARM.attributes
                0x00000000000001d0       0x33 Drivers/STM32F1xx_HAL_Driver/stm32f1xx_hal_cortex.o
 .ARM.attributes
                0x0000000000000203       0x33 Drivers/STM32F1xx_HAL_Driver/stm32f1xx_hal_gpio.o
 .ARM.attributes
                0x0000000000000236       0x33 Drivers/STM32F1xx_HAL_Driver/stm32f1xx_hal_rcc.o
 .ARM.attributes
                0x0000000000000269       0x33 Drivers/STM32F1xx_HAL_Driver/stm32f1xx_hal_rcc_ex.o
 .ARM.attributes
                0x000000000000029c       0x33 Drivers/STM32F1xx_HAL_Driver/stm32f1xx_hal_uart.o
 .ARM.attributes
                0x00000000000002cf       0x2d /Applications/Eclipse.app/Contents/Eclipse/plugins/fr.ac6.mcu.externaltools.arm-none.macos64_1.13.1.201703061524/tools/compiler/bin/../lib/gcc/arm-none-eabi/5.4.1/../../../../arm-none-eabi/lib/armv7-m/libc_nano.a(lib_a-init.o)
 .ARM.attributes
                0x00000000000002fc       0x1d /Applications/Eclipse.app/Contents/Eclipse/plugins/fr.ac6.mcu.externaltools.arm-none.macos64_1.13.1.201703061524/tools/compiler/bin/../lib/gcc/arm-none-eabi/5.4.1/armv7-m/crtn.o
OUTPUT(cansat.elf elf32-littlearm)

.debug_line     0x0000000000000000     0x70c3
 .debug_line    0x0000000000000000       0xa3 Application/SW4STM32/startup_stm32f103xb.o
 .debug_line    0x00000000000000a3      0x7bf Application/User/configuration.o
 .debug_line    0x0000000000000862      0x7c0 Application/User/main.o
 .debug_line    0x0000000000001022      0x7c5 Application/User/stm32f1xx_hal_msp.o
 .debug_line    0x00000000000017e7      0x7ed Application/User/stm32f1xx_it.o
 .debug_line    0x0000000000001fd4      0x78f Drivers/CMSIS/system_stm32f1xx.o
 .debug_line    0x0000000000002763      0x8d5 Drivers/STM32F1xx_HAL_Driver/stm32f1xx_hal.o
 .debug_line    0x0000000000003038      0xc66 Drivers/STM32F1xx_HAL_Driver/stm32f1xx_hal_adc.o
 .debug_line    0x0000000000003c9e      0x907 Drivers/STM32F1xx_HAL_Driver/stm32f1xx_hal_cortex.o
 .debug_line    0x00000000000045a5      0x8f1 Drivers/STM32F1xx_HAL_Driver/stm32f1xx_hal_gpio.o
 .debug_line    0x0000000000004e96      0xa18 Drivers/STM32F1xx_HAL_Driver/stm32f1xx_hal_rcc.o
 .debug_line    0x00000000000058ae      0x827 Drivers/STM32F1xx_HAL_Driver/stm32f1xx_hal_rcc_ex.o
 .debug_line    0x00000000000060d5      0xfee Drivers/STM32F1xx_HAL_Driver/stm32f1xx_hal_uart.o

.debug_info     0x0000000000000000     0x7243
 .debug_info    0x0000000000000000       0xa9 Application/SW4STM32/startup_stm32f103xb.o
 .debug_info    0x00000000000000a9      0xdce Application/User/configuration.o
 .debug_info    0x0000000000000e77      0x80c Application/User/main.o
 .debug_info    0x0000000000001683      0xc66 Application/User/stm32f1xx_hal_msp.o
 .debug_info    0x00000000000022e9      0x174 Application/User/stm32f1xx_it.o
 .debug_info    0x000000000000245d      0x3eb Drivers/CMSIS/system_stm32f1xx.o
 .debug_info    0x0000000000002848      0x670 Drivers/STM32F1xx_HAL_Driver/stm32f1xx_hal.o
 .debug_info    0x0000000000002eb8      0xdbb Drivers/STM32F1xx_HAL_Driver/stm32f1xx_hal_adc.o
 .debug_info    0x0000000000003c73      0xc2e Drivers/STM32F1xx_HAL_Driver/stm32f1xx_hal_cortex.o
 .debug_info    0x00000000000048a1      0x608 Drivers/STM32F1xx_HAL_Driver/stm32f1xx_hal_gpio.o
 .debug_info    0x0000000000004ea9      0x96b Drivers/STM32F1xx_HAL_Driver/stm32f1xx_hal_rcc.o
 .debug_info    0x0000000000005814      0x41a Drivers/STM32F1xx_HAL_Driver/stm32f1xx_hal_rcc_ex.o
 .debug_info    0x0000000000005c2e     0x1615 Drivers/STM32F1xx_HAL_Driver/stm32f1xx_hal_uart.o

.debug_abbrev   0x0000000000000000     0x1556
 .debug_abbrev  0x0000000000000000       0x12 Application/SW4STM32/startup_stm32f103xb.o
 .debug_abbrev  0x0000000000000012      0x19b Application/User/configuration.o
 .debug_abbrev  0x00000000000001ad      0x170 Application/User/main.o
 .debug_abbrev  0x000000000000031d      0x1a0 Application/User/stm32f1xx_hal_msp.o
 .debug_abbrev  0x00000000000004bd       0xbb Application/User/stm32f1xx_it.o
 .debug_abbrev  0x0000000000000578      0x125 Drivers/CMSIS/system_stm32f1xx.o
 .debug_abbrev  0x000000000000069d      0x1e8 Drivers/STM32F1xx_HAL_Driver/stm32f1xx_hal.o
 .debug_abbrev  0x0000000000000885      0x1e2 Drivers/STM32F1xx_HAL_Driver/stm32f1xx_hal_adc.o
 .debug_abbrev  0x0000000000000a67      0x2d9 Drivers/STM32F1xx_HAL_Driver/stm32f1xx_hal_cortex.o
 .debug_abbrev  0x0000000000000d40      0x1cd Drivers/STM32F1xx_HAL_Driver/stm32f1xx_hal_gpio.o
 .debug_abbrev  0x0000000000000f0d      0x260 Drivers/STM32F1xx_HAL_Driver/stm32f1xx_hal_rcc.o
 .debug_abbrev  0x000000000000116d      0x1b6 Drivers/STM32F1xx_HAL_Driver/stm32f1xx_hal_rcc_ex.o
 .debug_abbrev  0x0000000000001323      0x233 Drivers/STM32F1xx_HAL_Driver/stm32f1xx_hal_uart.o

.debug_aranges  0x0000000000000000      0x668
 .debug_aranges
                0x0000000000000000       0x28 Application/SW4STM32/startup_stm32f103xb.o
 .debug_aranges
                0x0000000000000028       0x38 Application/User/configuration.o
 .debug_aranges
                0x0000000000000060       0x20 Application/User/main.o
 .debug_aranges
                0x0000000000000080       0x40 Application/User/stm32f1xx_hal_msp.o
 .debug_aranges
                0x00000000000000c0       0x60 Application/User/stm32f1xx_it.o
 .debug_aranges
                0x0000000000000120       0x28 Drivers/CMSIS/system_stm32f1xx.o
 .debug_aranges
                0x0000000000000148       0xb8 Drivers/STM32F1xx_HAL_Driver/stm32f1xx_hal.o
 .debug_aranges
                0x0000000000000200       0xf0 Drivers/STM32F1xx_HAL_Driver/stm32f1xx_hal_adc.o
 .debug_aranges
                0x00000000000002f0       0x90 Drivers/STM32F1xx_HAL_Driver/stm32f1xx_hal_cortex.o
 .debug_aranges
                0x0000000000000380       0x58 Drivers/STM32F1xx_HAL_Driver/stm32f1xx_hal_gpio.o
 .debug_aranges
                0x00000000000003d8       0x90 Drivers/STM32F1xx_HAL_Driver/stm32f1xx_hal_rcc.o
 .debug_aranges
                0x0000000000000468       0x30 Drivers/STM32F1xx_HAL_Driver/stm32f1xx_hal_rcc_ex.o
 .debug_aranges
                0x0000000000000498      0x1d0 Drivers/STM32F1xx_HAL_Driver/stm32f1xx_hal_uart.o

.debug_ranges   0x0000000000000000      0x5d0
 .debug_ranges  0x0000000000000000       0x20 Application/SW4STM32/startup_stm32f103xb.o
 .debug_ranges  0x0000000000000020       0x28 Application/User/configuration.o
 .debug_ranges  0x0000000000000048       0x10 Application/User/main.o
 .debug_ranges  0x0000000000000058       0x30 Application/User/stm32f1xx_hal_msp.o
 .debug_ranges  0x0000000000000088       0x50 Application/User/stm32f1xx_it.o
 .debug_ranges  0x00000000000000d8       0x18 Drivers/CMSIS/system_stm32f1xx.o
 .debug_ranges  0x00000000000000f0       0xa8 Drivers/STM32F1xx_HAL_Driver/stm32f1xx_hal.o
 .debug_ranges  0x0000000000000198       0xe0 Drivers/STM32F1xx_HAL_Driver/stm32f1xx_hal_adc.o
 .debug_ranges  0x0000000000000278       0x80 Drivers/STM32F1xx_HAL_Driver/stm32f1xx_hal_cortex.o
 .debug_ranges  0x00000000000002f8       0x48 Drivers/STM32F1xx_HAL_Driver/stm32f1xx_hal_gpio.o
 .debug_ranges  0x0000000000000340       0x98 Drivers/STM32F1xx_HAL_Driver/stm32f1xx_hal_rcc.o
 .debug_ranges  0x00000000000003d8       0x38 Drivers/STM32F1xx_HAL_Driver/stm32f1xx_hal_rcc_ex.o
 .debug_ranges  0x0000000000000410      0x1c0 Drivers/STM32F1xx_HAL_Driver/stm32f1xx_hal_uart.o

.debug_macro    0x0000000000000000    0x14f96
 .debug_macro   0x0000000000000000      0x2e5 Application/User/configuration.o
 .debug_macro   0x00000000000002e5      0x880 Application/User/configuration.o
 .debug_macro   0x0000000000000b65       0x10 Application/User/configuration.o
 .debug_macro   0x0000000000000b75      0x169 Application/User/configuration.o
 .debug_macro   0x0000000000000cde       0x2e Application/User/configuration.o
 .debug_macro   0x0000000000000d0c       0x22 Application/User/configuration.o
 .debug_macro   0x0000000000000d2e       0x22 Application/User/configuration.o
 .debug_macro   0x0000000000000d50       0x87 Application/User/configuration.o
 .debug_macro   0x0000000000000dd7       0x44 Application/User/configuration.o
 .debug_macro   0x0000000000000e1b       0xfd Application/User/configuration.o
 .debug_macro   0x0000000000000f18       0x5e Application/User/configuration.o
 .debug_macro   0x0000000000000f76      0x1df Application/User/configuration.o
 .debug_macro   0x0000000000001155       0x34 Application/User/configuration.o
 .debug_macro   0x0000000000001189       0x34 Application/User/configuration.o
 .debug_macro   0x00000000000011bd      0xb8e Application/User/configuration.o
 .debug_macro   0x0000000000001d4b     0xe90a Application/User/configuration.o
 .debug_macro   0x0000000000010655       0x43 Application/User/configuration.o
 .debug_macro   0x0000000000010698       0x52 Application/User/configuration.o
 .debug_macro   0x00000000000106ea       0x35 Application/User/configuration.o
 .debug_macro   0x000000000001071f       0x9c Application/User/configuration.o
 .debug_macro   0x00000000000107bb       0x16 Application/User/configuration.o
 .debug_macro   0x00000000000107d1       0x97 Application/User/configuration.o
 .debug_macro   0x0000000000010868      0x30d Application/User/configuration.o
 .debug_macro   0x0000000000010b75       0xfd Application/User/configuration.o
 .debug_macro   0x0000000000010c72       0x10 Application/User/configuration.o
 .debug_macro   0x0000000000010c82       0x52 Application/User/configuration.o
 .debug_macro   0x0000000000010cd4       0x1f Application/User/configuration.o
 .debug_macro   0x0000000000010cf3       0x43 Application/User/configuration.o
 .debug_macro   0x0000000000010d36       0x20 Application/User/configuration.o
 .debug_macro   0x0000000000010d56      0x187 Application/User/configuration.o
 .debug_macro   0x0000000000010edd       0x10 Application/User/configuration.o
 .debug_macro   0x0000000000010eed       0x1c Application/User/configuration.o
 .debug_macro   0x0000000000010f09       0x52 Application/User/configuration.o
 .debug_macro   0x0000000000010f5b       0x40 Application/User/configuration.o
 .debug_macro   0x0000000000010f9b       0x10 Application/User/configuration.o
 .debug_macro   0x0000000000010fab       0x40 Application/User/configuration.o
 .debug_macro   0x0000000000010feb       0xd7 Application/User/configuration.o
 .debug_macro   0x00000000000110c2       0x16 Application/User/configuration.o
 .debug_macro   0x00000000000110d8      0x18b Application/User/configuration.o
 .debug_macro   0x0000000000011263       0x50 Application/User/configuration.o
 .debug_macro   0x00000000000112b3      0x5c2 Application/User/configuration.o
 .debug_macro   0x0000000000011875      0x28b Application/User/configuration.o
 .debug_macro   0x0000000000011b00      0x1cb Application/User/configuration.o
 .debug_macro   0x0000000000011ccb      0x11e Application/User/configuration.o
 .debug_macro   0x0000000000011de9      0x197 Application/User/configuration.o
 .debug_macro   0x0000000000011f80       0x27 Application/User/configuration.o
 .debug_macro   0x0000000000011fa7      0x1bc Application/User/configuration.o
 .debug_macro   0x0000000000012163       0x34 Application/User/configuration.o
 .debug_macro   0x0000000000012197       0x3c Application/User/configuration.o
 .debug_macro   0x00000000000121d3       0x57 Application/User/configuration.o
 .debug_macro   0x000000000001222a      0x46a Application/User/configuration.o
 .debug_macro   0x0000000000012694      0x1b5 Application/User/configuration.o
 .debug_macro   0x0000000000012849       0x8c Application/User/configuration.o
 .debug_macro   0x00000000000128d5      0x242 Application/User/configuration.o
 .debug_macro   0x0000000000012b17      0x143 Application/User/configuration.o
 .debug_macro   0x0000000000012c5a      0x26b Application/User/configuration.o
 .debug_macro   0x0000000000012ec5       0x7c Application/User/configuration.o
 .debug_macro   0x0000000000012f41      0x2f3 Application/User/main.o
 .debug_macro   0x0000000000013234      0x2db Application/User/stm32f1xx_hal_msp.o
 .debug_macro   0x000000000001350f      0x2e5 Application/User/stm32f1xx_it.o
 .debug_macro   0x00000000000137f4      0x2e1 Drivers/CMSIS/system_stm32f1xx.o
 .debug_macro   0x0000000000013ad5      0x2ff Drivers/STM32F1xx_HAL_Driver/stm32f1xx_hal.o
 .debug_macro   0x0000000000013dd4      0x2f8 Drivers/STM32F1xx_HAL_Driver/stm32f1xx_hal_adc.o
 .debug_macro   0x00000000000140cc      0x2db Drivers/STM32F1xx_HAL_Driver/stm32f1xx_hal_cortex.o
 .debug_macro   0x00000000000143a7      0x34b Drivers/STM32F1xx_HAL_Driver/stm32f1xx_hal_gpio.o
 .debug_macro   0x00000000000146f2      0x2ed Drivers/STM32F1xx_HAL_Driver/stm32f1xx_hal_rcc.o
 .debug_macro   0x00000000000149df      0x2db Drivers/STM32F1xx_HAL_Driver/stm32f1xx_hal_rcc_ex.o
 .debug_macro   0x0000000000014cba      0x2dc Drivers/STM32F1xx_HAL_Driver/stm32f1xx_hal_uart.o

.debug_str      0x0000000000000000    0x6edb8
 .debug_str     0x0000000000000000    0x6d529 Application/User/configuration.o
                                      0x6d8a3 (size before relaxing)
 .debug_str     0x000000000006d529       0x5f Application/User/main.o
                                      0x6d2f6 (size before relaxing)
 .debug_str     0x000000000006d588       0xf8 Application/User/stm32f1xx_hal_msp.o
                                      0x6d65a (size before relaxing)
 .debug_str     0x000000000006d680      0x100 Application/User/stm32f1xx_it.o
                                      0x6ce3b (size before relaxing)
 .debug_str     0x000000000006d780      0x10e Drivers/CMSIS/system_stm32f1xx.o
                                      0x6cebe (size before relaxing)
 .debug_str     0x000000000006d88e      0x3af Drivers/STM32F1xx_HAL_Driver/stm32f1xx_hal.o
                                      0x6d493 (size before relaxing)
 .debug_str     0x000000000006dc3d      0x3bb Drivers/STM32F1xx_HAL_Driver/stm32f1xx_hal_adc.o
                                      0x6d502 (size before relaxing)
 .debug_str     0x000000000006dff8      0x275 Drivers/STM32F1xx_HAL_Driver/stm32f1xx_hal_cortex.o
                                      0x6d4a0 (size before relaxing)
 .debug_str     0x000000000006e26d      0x320 Drivers/STM32F1xx_HAL_Driver/stm32f1xx_hal_gpio.o
                                      0x6d1d5 (size before relaxing)
 .debug_str     0x000000000006e58d      0x243 Drivers/STM32F1xx_HAL_Driver/stm32f1xx_hal_rcc.o
                                      0x6d268 (size before relaxing)
 .debug_str     0x000000000006e7d0       0xa9 Drivers/STM32F1xx_HAL_Driver/stm32f1xx_hal_rcc_ex.o
                                      0x6cfc8 (size before relaxing)
 .debug_str     0x000000000006e879      0x53f Drivers/STM32F1xx_HAL_Driver/stm32f1xx_hal_uart.o
                                      0x6d755 (size before relaxing)

.comment        0x0000000000000000       0x6e
 .comment       0x0000000000000000       0x6e Application/User/configuration.o
                                         0x6f (size before relaxing)
 .comment       0x000000000000006e       0x6f Application/User/main.o
 .comment       0x000000000000006e       0x6f Application/User/stm32f1xx_hal_msp.o
 .comment       0x000000000000006e       0x6f Application/User/stm32f1xx_it.o
 .comment       0x000000000000006e       0x6f Drivers/CMSIS/system_stm32f1xx.o
 .comment       0x000000000000006e       0x6f Drivers/STM32F1xx_HAL_Driver/stm32f1xx_hal.o
 .comment       0x000000000000006e       0x6f Drivers/STM32F1xx_HAL_Driver/stm32f1xx_hal_adc.o
 .comment       0x000000000000006e       0x6f Drivers/STM32F1xx_HAL_Driver/stm32f1xx_hal_cortex.o
 .comment       0x000000000000006e       0x6f Drivers/STM32F1xx_HAL_Driver/stm32f1xx_hal_gpio.o
 .comment       0x000000000000006e       0x6f Drivers/STM32F1xx_HAL_Driver/stm32f1xx_hal_rcc.o
 .comment       0x000000000000006e       0x6f Drivers/STM32F1xx_HAL_Driver/stm32f1xx_hal_rcc_ex.o
 .comment       0x000000000000006e       0x6f Drivers/STM32F1xx_HAL_Driver/stm32f1xx_hal_uart.o

.debug_frame    0x0000000000000000      0xf38
 .debug_frame   0x0000000000000000       0x8c Application/User/configuration.o
 .debug_frame   0x000000000000008c       0x28 Application/User/main.o
 .debug_frame   0x00000000000000b4       0xa0 Application/User/stm32f1xx_hal_msp.o
 .debug_frame   0x0000000000000154       0xa8 Application/User/stm32f1xx_it.o
 .debug_frame   0x00000000000001fc       0x30 Drivers/CMSIS/system_stm32f1xx.o
 .debug_frame   0x000000000000022c      0x178 Drivers/STM32F1xx_HAL_Driver/stm32f1xx_hal.o
 .debug_frame   0x00000000000003a4      0x2cc Drivers/STM32F1xx_HAL_Driver/stm32f1xx_hal_adc.o
 .debug_frame   0x0000000000000670      0x124 Drivers/STM32F1xx_HAL_Driver/stm32f1xx_hal_cortex.o
 .debug_frame   0x0000000000000794       0xc4 Drivers/STM32F1xx_HAL_Driver/stm32f1xx_hal_gpio.o
 .debug_frame   0x0000000000000858      0x164 Drivers/STM32F1xx_HAL_Driver/stm32f1xx_hal_rcc.o
 .debug_frame   0x00000000000009bc       0x68 Drivers/STM32F1xx_HAL_Driver/stm32f1xx_hal_rcc_ex.o
 .debug_frame   0x0000000000000a24      0x4e8 Drivers/STM32F1xx_HAL_Driver/stm32f1xx_hal_uart.o
 .debug_frame   0x0000000000000f0c       0x2c /Applications/Eclipse.app/Contents/Eclipse/plugins/fr.ac6.mcu.externaltools.arm-none.macos64_1.13.1.201703061524/tools/compiler/bin/../lib/gcc/arm-none-eabi/5.4.1/../../../../arm-none-eabi/lib/armv7-m/libc_nano.a(lib_a-init.o)

.debug_loc      0x0000000000000000     0x2dd6
 .debug_loc     0x0000000000000000       0x9a Application/User/stm32f1xx_hal_msp.o
 .debug_loc     0x000000000000009a       0xdf Drivers/CMSIS/system_stm32f1xx.o
 .debug_loc     0x0000000000000179       0x69 Drivers/STM32F1xx_HAL_Driver/stm32f1xx_hal.o
 .debug_loc     0x00000000000001e2      0x8be Drivers/STM32F1xx_HAL_Driver/stm32f1xx_hal_adc.o
 .debug_loc     0x0000000000000aa0      0x527 Drivers/STM32F1xx_HAL_Driver/stm32f1xx_hal_cortex.o
 .debug_loc     0x0000000000000fc7      0x377 Drivers/STM32F1xx_HAL_Driver/stm32f1xx_hal_gpio.o
 .debug_loc     0x000000000000133e      0x4bc Drivers/STM32F1xx_HAL_Driver/stm32f1xx_hal_rcc.o
 .debug_loc     0x00000000000017fa      0x2d4 Drivers/STM32F1xx_HAL_Driver/stm32f1xx_hal_rcc_ex.o
 .debug_loc     0x0000000000001ace     0x1308 Drivers/STM32F1xx_HAL_Driver/stm32f1xx_hal_uart.o
